Component: ARM Compiler 5.06 update 7 (build 960) Tool: armlink [4d3601]

==============================================================================

Section Cross References

    cortexm3_driver.o(i.delay) refers to cortexm3_driver.o(i.Set_SysTick_CTRL) for Set_SysTick_CTRL
    cortexm3_driver.o(i.delay) refers to cortexm3_driver.o(i.Set_SysTick_LOAD) for Set_SysTick_LOAD
    cortexm3_driver.o(i.delay) refers to cortexm3_driver.o(i.Set_SysTick_VALUE) for Set_SysTick_VALUE
    cortexm3_driver.o(i.delay_1ms) refers to cortexm3_driver.o(i.delay) for delay
    cortexm3_driver.o(i.delay_us) refers to cortexm3_driver.o(i.delay) for delay
    cortexm3_driver.o(i.uart_SendString) refers to strlen.o(.text) for strlen
    cortexm3_driver.o(i.uart_SendString) refers to cortexm3_driver.o(i.uart_SendChar) for uart_SendChar
    handler.o(i.KEYHandler) refers to cortexm3_driver.o(i.send2LED) for send2LED
    handler.o(i.SysTickHandler) refers to cortexm3_driver.o(i.Set_SysTick_CTRL) for Set_SysTick_CTRL
    handler.o(i.UARTRXHandler) refers to cortexm3_driver.o(i.uart_ReceiveChar) for uart_ReceiveChar
    handler.o(i.UARTRXHandler) refers to cortexm3_driver.o(i.send2LED) for send2LED
    handler.o(i.UARTRXHandler) refers to cortexm3_driver.o(i.uart_SendString) for uart_SendString
    handler.o(i.UARTRXHandler) refers to cortexm3_driver.o(i.uart_SendChar) for uart_SendChar
    main.o(i.Delay) refers to main.o(.data) for SystemTicks
    main.o(i.LED_Init) refers to cortexm3_driver.o(i.GPIO_Init) for GPIO_Init
    main.o(i.LED_Init) refers to cortexm3_driver.o(i.GPIO_ResetBits) for GPIO_ResetBits
    main.o(i.SysTick_Handler) refers to main.o(.data) for SystemTicks
    main.o(i.main) refers to system.o(i.SystemInit) for SystemInit
    main.o(i.main) refers to spi_gpio.o(i.SPI_GPIO_Init) for SPI_GPIO_Init
    main.o(i.main) refers to spi_gpio.o(i.Master_SPI_WR_String) for Master_SPI_WR_String
    main.o(i.main) refers to cortexm3_driver.o(i.delay_1ms) for delay_1ms
    retarget.o(i._ttywrch) refers to cortexm3_driver.o(i.uart_SendChar) for uart_SendChar
    retarget.o(i.fgetc) refers to cortexm3_driver.o(i.uart_ReceiveChar) for uart_ReceiveChar
    retarget.o(i.fgetc) refers to cortexm3_driver.o(i.uart_SendChar) for uart_SendChar
    retarget.o(i.fputc) refers to cortexm3_driver.o(i.uart_SendChar) for uart_SendChar
    startup_cm3ds.o(RESET) refers to startup_cm3ds.o(STACK) for __initial_sp
    startup_cm3ds.o(RESET) refers to startup_cm3ds.o(.text) for Reset_Handler
    startup_cm3ds.o(RESET) refers to main.o(i.SysTick_Handler) for SysTick_Handler
    startup_cm3ds.o(.text) refers to handler.o(i.NMIHandler) for NMIHandler
    startup_cm3ds.o(.text) refers to handler.o(i.HardFaultHandler) for HardFaultHandler
    startup_cm3ds.o(.text) refers to handler.o(i.MemManageHandler) for MemManageHandler
    startup_cm3ds.o(.text) refers to handler.o(i.BusFaultHandler) for BusFaultHandler
    startup_cm3ds.o(.text) refers to handler.o(i.UsageFaultHandler) for UsageFaultHandler
    startup_cm3ds.o(.text) refers to handler.o(i.SVCHandler) for SVCHandler
    startup_cm3ds.o(.text) refers to handler.o(i.DebugMonHandler) for DebugMonHandler
    startup_cm3ds.o(.text) refers to handler.o(i.PendSVHandler) for PendSVHandler
    startup_cm3ds.o(.text) refers to handler.o(i.SysTickHandler) for SysTickHandler
    startup_cm3ds.o(.text) refers to handler.o(i.UARTRXHandler) for UARTRXHandler
    startup_cm3ds.o(.text) refers to handler.o(i.UARTTXHandler) for UARTTXHandler
    startup_cm3ds.o(.text) refers to handler.o(i.UARTOVRHandler) for UARTOVRHandler
    startup_cm3ds.o(.text) refers to handler.o(i.KEYHandler) for KEYHandler
    startup_cm3ds.o(.text) refers to system.o(i.SystemInit) for SystemInit
    startup_cm3ds.o(.text) refers to entry.o(.ARM.Collect$$$$00000000) for __main
    system.o(i.SystemCoreClockUpdate) refers to system.o(.data) for SystemCoreClock
    system.o(i.SystemInit) refers to cortexm3_driver.o(i.uart_init) for uart_init
    system.o(i.SystemInit) refers to system.o(.data) for SystemCoreClock
    spi_gpio.o(i.Master_SPI_WR_Byte) refers to cortexm3_driver.o(i.GPIO_ResetBits) for GPIO_ResetBits
    spi_gpio.o(i.Master_SPI_WR_Byte) refers to cortexm3_driver.o(i.GPIO_SetBits) for GPIO_SetBits
    spi_gpio.o(i.Master_SPI_WR_Byte) refers to cortexm3_driver.o(i.delay_us) for delay_us
    spi_gpio.o(i.Master_SPI_WR_String) refers to cortexm3_driver.o(i.GPIO_ResetBits) for GPIO_ResetBits
    spi_gpio.o(i.Master_SPI_WR_String) refers to spi_gpio.o(i.Master_SPI_WR_Byte) for Master_SPI_WR_Byte
    spi_gpio.o(i.Master_SPI_WR_String) refers to cortexm3_driver.o(i.GPIO_SetBits) for GPIO_SetBits
    spi_gpio.o(i.SPI_GPIO_Init) refers to cortexm3_driver.o(i.GPIO_Init) for GPIO_Init
    spi_gpio.o(i.SPI_GPIO_Init) refers to cortexm3_driver.o(i.GPIO_SetBits) for GPIO_SetBits
    spi_gpio.o(i.SPI_GPIO_Init) refers to cortexm3_driver.o(i.GPIO_ResetBits) for GPIO_ResetBits
    entry.o(.ARM.Collect$$$$00000000) refers (Special) to entry10a.o(.ARM.Collect$$$$0000000F) for __rt_final_cpp
    entry.o(.ARM.Collect$$$$00000000) refers (Special) to entry11a.o(.ARM.Collect$$$$00000011) for __rt_final_exit
    entry.o(.ARM.Collect$$$$00000000) refers (Special) to entry12b.o(.ARM.Collect$$$$0000000E) for __rt_lib_shutdown_fini
    entry.o(.ARM.Collect$$$$00000000) refers (Special) to entry7b.o(.ARM.Collect$$$$00000008) for _main_clock
    entry.o(.ARM.Collect$$$$00000000) refers (Special) to entry8b.o(.ARM.Collect$$$$0000000A) for _main_cpp_init
    entry.o(.ARM.Collect$$$$00000000) refers (Special) to entry9a.o(.ARM.Collect$$$$0000000B) for _main_init
    entry.o(.ARM.Collect$$$$00000000) refers (Special) to entry5.o(.ARM.Collect$$$$00000004) for _main_scatterload
    entry.o(.ARM.Collect$$$$00000000) refers (Special) to entry2.o(.ARM.Collect$$$$00000001) for _main_stk
    entry2.o(.ARM.Collect$$$$00000001) refers to entry2.o(.ARM.Collect$$$$00002712) for __lit__00000000
    entry2.o(.ARM.Collect$$$$00002712) refers to startup_cm3ds.o(STACK) for __initial_sp
    entry2.o(__vectab_stack_and_reset_area) refers to startup_cm3ds.o(STACK) for __initial_sp
    entry2.o(__vectab_stack_and_reset_area) refers to entry.o(.ARM.Collect$$$$00000000) for __main
    entry5.o(.ARM.Collect$$$$00000004) refers to init.o(.text) for __scatterload
    entry9a.o(.ARM.Collect$$$$0000000B) refers to main.o(i.main) for main
    entry9b.o(.ARM.Collect$$$$0000000C) refers to main.o(i.main) for main
    init.o(.text) refers to entry5.o(.ARM.Collect$$$$00000004) for __main_after_scatterload


==============================================================================

Removing Unused input sections from the image.

    Removing cortexm3_driver.o(.rev16_text), (4 bytes).
    Removing cortexm3_driver.o(.revsh_text), (4 bytes).
    Removing cortexm3_driver.o(i.GPIO_ReadInputData), (8 bytes).
    Removing cortexm3_driver.o(i.GPIO_ReadInputDataBit), (18 bytes).
    Removing cortexm3_driver.o(i.GPIO_ReadOutputData), (8 bytes).
    Removing cortexm3_driver.o(i.GPIO_ReadOutputDataBit), (18 bytes).
    Removing cortexm3_driver.o(i.GPIO_Write), (4 bytes).
    Removing cortexm3_driver.o(i.GPIO_WriteBit), (18 bytes).
    Removing cortexm3_driver.o(i.Read_SysTick_VALUE), (8 bytes).
    Removing cortexm3_driver.o(i.Timer_Ini), (42 bytes).
    Removing cortexm3_driver.o(i.Timer_Stop), (28 bytes).
    Removing cortexm3_driver.o(i.getKEY), (12 bytes).
    Removing cortexm3_driver.o(i.uart_ClearOverrunStatus), (14 bytes).
    Removing cortexm3_driver.o(i.uart_ClearRxIRQ), (6 bytes).
    Removing cortexm3_driver.o(i.uart_ClearTxIRQ), (6 bytes).
    Removing cortexm3_driver.o(i.uart_GetBaudDivider), (6 bytes).
    Removing cortexm3_driver.o(i.uart_GetOverrunStatus), (10 bytes).
    Removing cortexm3_driver.o(i.uart_GetRxBufferFull), (10 bytes).
    Removing cortexm3_driver.o(i.uart_GetRxIRQStatus), (10 bytes).
    Removing cortexm3_driver.o(i.uart_GetTxBufferFull), (10 bytes).
    Removing cortexm3_driver.o(i.uart_GetTxIRQStatus), (10 bytes).
    Removing handler.o(.rev16_text), (4 bytes).
    Removing handler.o(.revsh_text), (4 bytes).
    Removing main.o(.rev16_text), (4 bytes).
    Removing main.o(.revsh_text), (4 bytes).
    Removing main.o(i.Delay), (24 bytes).
    Removing main.o(i.LED_Init), (58 bytes).
    Removing main.o(i.my_delay), (18 bytes).
    Removing retarget.o(.rev16_text), (4 bytes).
    Removing retarget.o(.revsh_text), (4 bytes).
    Removing retarget.o(i._sys_exit), (4 bytes).
    Removing retarget.o(i._ttywrch), (16 bytes).
    Removing retarget.o(i.ferror), (8 bytes).
    Removing retarget.o(i.fgetc), (34 bytes).
    Removing retarget.o(i.fputc), (32 bytes).
    Removing retarget.o(.data), (8 bytes).
    Removing startup_cm3ds.o(HEAP), (32768 bytes).
    Removing system.o(.rev16_text), (4 bytes).
    Removing system.o(.revsh_text), (4 bytes).
    Removing system.o(i.SystemCoreClockUpdate), (16 bytes).
    Removing spi_gpio.o(.rev16_text), (4 bytes).
    Removing spi_gpio.o(.revsh_text), (4 bytes).

42 unused section(s) (total 33280 bytes) removed from the image.

==============================================================================

Image Symbol Table

    Local Symbols

    Symbol Name                              Value     Ov Type        Size  Object(Section)

    RESET                                    0x00000000   Section       80  startup_cm3ds.o(RESET)
    ../clib/microlib/init/entry.s            0x00000000   Number         0  entry.o ABSOLUTE
    ../clib/microlib/init/entry.s            0x00000000   Number         0  entry2.o ABSOLUTE
    ../clib/microlib/init/entry.s            0x00000000   Number         0  entry12b.o ABSOLUTE
    ../clib/microlib/init/entry.s            0x00000000   Number         0  entry12a.o ABSOLUTE
    ../clib/microlib/init/entry.s            0x00000000   Number         0  entry11b.o ABSOLUTE
    ../clib/microlib/init/entry.s            0x00000000   Number         0  entry5.o ABSOLUTE
    ../clib/microlib/init/entry.s            0x00000000   Number         0  entry11a.o ABSOLUTE
    ../clib/microlib/init/entry.s            0x00000000   Number         0  entry10b.o ABSOLUTE
    ../clib/microlib/init/entry.s            0x00000000   Number         0  entry7a.o ABSOLUTE
    ../clib/microlib/init/entry.s            0x00000000   Number         0  entry10a.o ABSOLUTE
    ../clib/microlib/init/entry.s            0x00000000   Number         0  entry9b.o ABSOLUTE
    ../clib/microlib/init/entry.s            0x00000000   Number         0  entry7b.o ABSOLUTE
    ../clib/microlib/init/entry.s            0x00000000   Number         0  entry8a.o ABSOLUTE
    ../clib/microlib/init/entry.s            0x00000000   Number         0  entry8b.o ABSOLUTE
    ../clib/microlib/init/entry.s            0x00000000   Number         0  entry9a.o ABSOLUTE
    ../clib/microlib/string/strlen.c         0x00000000   Number         0  strlen.o ABSOLUTE
    Peripheral\\spi_gpio.c                   0x00000000   Number         0  spi_gpio.o ABSOLUTE
    Peripheral\spi_gpio.c                    0x00000000   Number         0  spi_gpio.o ABSOLUTE
    code\CortexM3_driver.c                   0x00000000   Number         0  cortexm3_driver.o ABSOLUTE
    code\Retarget.c                          0x00000000   Number         0  retarget.o ABSOLUTE
    code\\CortexM3_driver.c                  0x00000000   Number         0  cortexm3_driver.o ABSOLUTE
    code\\Retarget.c                         0x00000000   Number         0  retarget.o ABSOLUTE
    code\\handler.c                          0x00000000   Number         0  handler.o ABSOLUTE
    code\\main.c                             0x00000000   Number         0  main.o ABSOLUTE
    code\\system.c                           0x00000000   Number         0  system.o ABSOLUTE
    code\handler.c                           0x00000000   Number         0  handler.o ABSOLUTE
    code\main.c                              0x00000000   Number         0  main.o ABSOLUTE
    code\startup_CM3DS.s                     0x00000000   Number         0  startup_cm3ds.o ABSOLUTE
    code\system.c                            0x00000000   Number         0  system.o ABSOLUTE
    dc.s                                     0x00000000   Number         0  dc.o ABSOLUTE
    handlers.s                               0x00000000   Number         0  handlers.o ABSOLUTE
    init.s                                   0x00000000   Number         0  init.o ABSOLUTE
    .ARM.Collect$$$$00000000                 0x00000050   Section        0  entry.o(.ARM.Collect$$$$00000000)
    .ARM.Collect$$$$00000001                 0x00000050   Section        4  entry2.o(.ARM.Collect$$$$00000001)
    .ARM.Collect$$$$00000004                 0x00000054   Section        4  entry5.o(.ARM.Collect$$$$00000004)
    .ARM.Collect$$$$00000008                 0x00000058   Section        0  entry7b.o(.ARM.Collect$$$$00000008)
    .ARM.Collect$$$$0000000A                 0x00000058   Section        0  entry8b.o(.ARM.Collect$$$$0000000A)
    .ARM.Collect$$$$0000000B                 0x00000058   Section        8  entry9a.o(.ARM.Collect$$$$0000000B)
    .ARM.Collect$$$$0000000E                 0x00000060   Section        4  entry12b.o(.ARM.Collect$$$$0000000E)
    .ARM.Collect$$$$0000000F                 0x00000064   Section        0  entry10a.o(.ARM.Collect$$$$0000000F)
    .ARM.Collect$$$$00000011                 0x00000064   Section        0  entry11a.o(.ARM.Collect$$$$00000011)
    .ARM.Collect$$$$00002712                 0x00000064   Section        4  entry2.o(.ARM.Collect$$$$00002712)
    __lit__00000000                          0x00000064   Data           4  entry2.o(.ARM.Collect$$$$00002712)
    .text                                    0x00000068   Section      120  startup_cm3ds.o(.text)
    .text                                    0x000000e0   Section        0  strlen.o(.text)
    .text                                    0x000000f0   Section       36  init.o(.text)
    i.BusFaultHandler                        0x00000114   Section        0  handler.o(i.BusFaultHandler)
    i.DebugMonHandler                        0x00000116   Section        0  handler.o(i.DebugMonHandler)
    i.GPIO_Init                              0x00000118   Section        0  cortexm3_driver.o(i.GPIO_Init)
    i.GPIO_ResetBits                         0x00000144   Section        0  cortexm3_driver.o(i.GPIO_ResetBits)
    i.GPIO_SetBits                           0x0000014c   Section        0  cortexm3_driver.o(i.GPIO_SetBits)
    i.HardFaultHandler                       0x00000154   Section        0  handler.o(i.HardFaultHandler)
    i.KEYHandler                             0x00000156   Section        0  handler.o(i.KEYHandler)
    i.Master_SPI_WR_Byte                     0x00000160   Section        0  spi_gpio.o(i.Master_SPI_WR_Byte)
    i.Master_SPI_WR_String                   0x000001d6   Section        0  spi_gpio.o(i.Master_SPI_WR_String)
    i.MemManageHandler                       0x0000020c   Section        0  handler.o(i.MemManageHandler)
    i.NMIHandler                             0x0000020e   Section        0  handler.o(i.NMIHandler)
    i.PendSVHandler                          0x00000210   Section        0  handler.o(i.PendSVHandler)
    i.SPI_GPIO_Init                          0x00000212   Section        0  spi_gpio.o(i.SPI_GPIO_Init)
    i.SVCHandler                             0x00000256   Section        0  handler.o(i.SVCHandler)
    i.Set_SysTick_CTRL                       0x00000258   Section        0  cortexm3_driver.o(i.Set_SysTick_CTRL)
    i.Set_SysTick_LOAD                       0x00000260   Section        0  cortexm3_driver.o(i.Set_SysTick_LOAD)
    i.Set_SysTick_VALUE                      0x00000268   Section        0  cortexm3_driver.o(i.Set_SysTick_VALUE)
    i.SysTickHandler                         0x00000270   Section        0  handler.o(i.SysTickHandler)
    i.SysTick_Handler                        0x0000028c   Section        0  main.o(i.SysTick_Handler)
    i.SystemInit                             0x0000029c   Section        0  system.o(i.SystemInit)
    i.UARTOVRHandler                         0x000002e4   Section        0  handler.o(i.UARTOVRHandler)
    i.UARTRXHandler                          0x000002e8   Section        0  handler.o(i.UARTRXHandler)
    i.UARTTXHandler                          0x00000318   Section        0  handler.o(i.UARTTXHandler)
    i.UsageFaultHandler                      0x0000031a   Section        0  handler.o(i.UsageFaultHandler)
    i.__scatterload_copy                     0x0000031c   Section       14  handlers.o(i.__scatterload_copy)
    i.__scatterload_null                     0x0000032a   Section        2  handlers.o(i.__scatterload_null)
    i.__scatterload_zeroinit                 0x0000032c   Section       14  handlers.o(i.__scatterload_zeroinit)
    i.delay                                  0x0000033a   Section        0  cortexm3_driver.o(i.delay)
    i.delay_1ms                              0x0000035a   Section        0  cortexm3_driver.o(i.delay_1ms)
    i.delay_us                               0x00000372   Section        0  cortexm3_driver.o(i.delay_us)
    i.main                                   0x00000388   Section        0  main.o(i.main)
    i.send2LED                               0x000003b0   Section        0  cortexm3_driver.o(i.send2LED)
    i.uart_ReceiveChar                       0x000003bc   Section        0  cortexm3_driver.o(i.uart_ReceiveChar)
    i.uart_SendChar                          0x000003d0   Section        0  cortexm3_driver.o(i.uart_SendChar)
    i.uart_SendString                        0x000003e4   Section        0  cortexm3_driver.o(i.uart_SendString)
    i.uart_init                              0x00000406   Section        0  cortexm3_driver.o(i.uart_init)
    .data                                    0x20000000   Section        4  main.o(.data)
    .data                                    0x20000004   Section        4  system.o(.data)
    STACK                                    0x20000008   Section    32768  startup_cm3ds.o(STACK)

    Global Symbols

    Symbol Name                              Value     Ov Type        Size  Object(Section)

    BuildAttributes$$THM_ISAv4$P$D$K$B$S$PE$A:L22UL41UL21$X:L11$S22US41US21$IEEE1$IW$USESV6$~STKCKD$USESV7$~SHL$OSPACE$EBA8$MICROLIB$REQ8$PRES8$EABIv2 0x00000000   Number         0  anon$$obj.o ABSOLUTE
    __ARM_use_no_argv                        0x00000000   Number         0  main.o ABSOLUTE
    __Vectors                                0x00000000   Data           4  startup_cm3ds.o(RESET)
    __arm_fini_                               - Undefined Weak Reference
    __cpp_initialize__aeabi_                  - Undefined Weak Reference
    __cxa_finalize                            - Undefined Weak Reference
    __decompress                              - Undefined Weak Reference
    _clock_init                               - Undefined Weak Reference
    _microlib_exit                            - Undefined Weak Reference
    __Vectors_End                            0x00000050   Data           0  startup_cm3ds.o(RESET)
    __Vectors_Size                           0x00000050   Number         0  startup_cm3ds.o ABSOLUTE
    __main                                   0x00000051   Thumb Code     0  entry.o(.ARM.Collect$$$$00000000)
    _main_stk                                0x00000051   Thumb Code     0  entry2.o(.ARM.Collect$$$$00000001)
    _main_scatterload                        0x00000055   Thumb Code     0  entry5.o(.ARM.Collect$$$$00000004)
    __main_after_scatterload                 0x00000059   Thumb Code     0  entry5.o(.ARM.Collect$$$$00000004)
    _main_clock                              0x00000059   Thumb Code     0  entry7b.o(.ARM.Collect$$$$00000008)
    _main_cpp_init                           0x00000059   Thumb Code     0  entry8b.o(.ARM.Collect$$$$0000000A)
    _main_init                               0x00000059   Thumb Code     0  entry9a.o(.ARM.Collect$$$$0000000B)
    __rt_lib_shutdown_fini                   0x00000061   Thumb Code     0  entry12b.o(.ARM.Collect$$$$0000000E)
    __rt_final_cpp                           0x00000065   Thumb Code     0  entry10a.o(.ARM.Collect$$$$0000000F)
    __rt_final_exit                          0x00000065   Thumb Code     0  entry11a.o(.ARM.Collect$$$$00000011)
    Reset_Handler                            0x00000069   Thumb Code     8  startup_cm3ds.o(.text)
    NMI_Handler                              0x00000071   Thumb Code     8  startup_cm3ds.o(.text)
    HardFault_Handler                        0x00000079   Thumb Code     8  startup_cm3ds.o(.text)
    MemManage_Handler                        0x00000081   Thumb Code     8  startup_cm3ds.o(.text)
    BusFault_Handler                         0x00000089   Thumb Code     8  startup_cm3ds.o(.text)
    UsageFault_Handler                       0x00000091   Thumb Code     8  startup_cm3ds.o(.text)
    SVC_Handler                              0x00000099   Thumb Code     8  startup_cm3ds.o(.text)
    DebugMon_Handler                         0x000000a1   Thumb Code     8  startup_cm3ds.o(.text)
    PendSV_Handler                           0x000000a9   Thumb Code     8  startup_cm3ds.o(.text)
    UARTRX_Handler                           0x000000b9   Thumb Code     8  startup_cm3ds.o(.text)
    UARTTX_Handler                           0x000000c1   Thumb Code     8  startup_cm3ds.o(.text)
    UARTOVR_Handler                          0x000000c9   Thumb Code     8  startup_cm3ds.o(.text)
    KEY_Handler                              0x000000d1   Thumb Code     8  startup_cm3ds.o(.text)
    strlen                                   0x000000e1   Thumb Code    14  strlen.o(.text)
    __scatterload                            0x000000f1   Thumb Code    28  init.o(.text)
    __scatterload_rt2                        0x000000f1   Thumb Code     0  init.o(.text)
    BusFaultHandler                          0x00000115   Thumb Code     2  handler.o(i.BusFaultHandler)
    DebugMonHandler                          0x00000117   Thumb Code     2  handler.o(i.DebugMonHandler)
    GPIO_Init                                0x00000119   Thumb Code    44  cortexm3_driver.o(i.GPIO_Init)
    GPIO_ResetBits                           0x00000145   Thumb Code     8  cortexm3_driver.o(i.GPIO_ResetBits)
    GPIO_SetBits                             0x0000014d   Thumb Code     8  cortexm3_driver.o(i.GPIO_SetBits)
    HardFaultHandler                         0x00000155   Thumb Code     2  handler.o(i.HardFaultHandler)
    KEYHandler                               0x00000157   Thumb Code    10  handler.o(i.KEYHandler)
    Master_SPI_WR_Byte                       0x00000161   Thumb Code   118  spi_gpio.o(i.Master_SPI_WR_Byte)
    Master_SPI_WR_String                     0x000001d7   Thumb Code    54  spi_gpio.o(i.Master_SPI_WR_String)
    MemManageHandler                         0x0000020d   Thumb Code     2  handler.o(i.MemManageHandler)
    NMIHandler                               0x0000020f   Thumb Code     2  handler.o(i.NMIHandler)
    PendSVHandler                            0x00000211   Thumb Code     2  handler.o(i.PendSVHandler)
    SPI_GPIO_Init                            0x00000213   Thumb Code    68  spi_gpio.o(i.SPI_GPIO_Init)
    SVCHandler                               0x00000257   Thumb Code     2  handler.o(i.SVCHandler)
    Set_SysTick_CTRL                         0x00000259   Thumb Code     8  cortexm3_driver.o(i.Set_SysTick_CTRL)
    Set_SysTick_LOAD                         0x00000261   Thumb Code     8  cortexm3_driver.o(i.Set_SysTick_LOAD)
    Set_SysTick_VALUE                        0x00000269   Thumb Code     8  cortexm3_driver.o(i.Set_SysTick_VALUE)
    SysTickHandler                           0x00000271   Thumb Code    22  handler.o(i.SysTickHandler)
    SysTick_Handler                          0x0000028d   Thumb Code    12  main.o(i.SysTick_Handler)
    SystemInit                               0x0000029d   Thumb Code    64  system.o(i.SystemInit)
    UARTOVRHandler                           0x000002e5   Thumb Code     2  handler.o(i.UARTOVRHandler)
    UARTRXHandler                            0x000002e9   Thumb Code    44  handler.o(i.UARTRXHandler)
    UARTTXHandler                            0x00000319   Thumb Code     2  handler.o(i.UARTTXHandler)
    UsageFaultHandler                        0x0000031b   Thumb Code     2  handler.o(i.UsageFaultHandler)
    __scatterload_copy                       0x0000031d   Thumb Code    14  handlers.o(i.__scatterload_copy)
    __scatterload_null                       0x0000032b   Thumb Code     2  handlers.o(i.__scatterload_null)
    __scatterload_zeroinit                   0x0000032d   Thumb Code    14  handlers.o(i.__scatterload_zeroinit)
    delay                                    0x0000033b   Thumb Code    32  cortexm3_driver.o(i.delay)
    delay_1ms                                0x0000035b   Thumb Code    24  cortexm3_driver.o(i.delay_1ms)
    delay_us                                 0x00000373   Thumb Code    22  cortexm3_driver.o(i.delay_us)
    main                                     0x00000389   Thumb Code    32  main.o(i.main)
    send2LED                                 0x000003b1   Thumb Code     6  cortexm3_driver.o(i.send2LED)
    uart_ReceiveChar                         0x000003bd   Thumb Code    20  cortexm3_driver.o(i.uart_ReceiveChar)
    uart_SendChar                            0x000003d1   Thumb Code    20  cortexm3_driver.o(i.uart_SendChar)
    uart_SendString                          0x000003e5   Thumb Code    34  cortexm3_driver.o(i.uart_SendString)
    uart_init                                0x00000407   Thumb Code    88  cortexm3_driver.o(i.uart_init)
    Region$$Table$$Base                      0x00000460   Number         0  anon$$obj.o(Region$$Table)
    Region$$Table$$Limit                     0x00000480   Number         0  anon$$obj.o(Region$$Table)
    SystemTicks                              0x20000000   Data           4  main.o(.data)
    SystemCoreClock                          0x20000004   Data           4  system.o(.data)
    __initial_sp                             0x20008008   Data           0  startup_cm3ds.o(STACK)



==============================================================================

Memory Map of the image

  Image Entry point : 0x00000069

  Load Region LR_1 (Base: 0x00000000, Size: 0x00000488, Max: 0xffffffff, ABSOLUTE)

    Execution Region ER_RO (Exec base: 0x00000000, Load base: 0x00000000, Size: 0x00000480, Max: 0xffffffff, ABSOLUTE)

    Exec Addr    Load Addr    Size         Type   Attr      Idx    E Section Name        Object

    0x00000000   0x00000000   0x00000050   Data   RO          440    RESET               startup_cm3ds.o
    0x00000050   0x00000050   0x00000000   Code   RO          530  * .ARM.Collect$$$$00000000  mc_w.l(entry.o)
    0x00000050   0x00000050   0x00000004   Code   RO          535    .ARM.Collect$$$$00000001  mc_w.l(entry2.o)
    0x00000054   0x00000054   0x00000004   Code   RO          538    .ARM.Collect$$$$00000004  mc_w.l(entry5.o)
    0x00000058   0x00000058   0x00000000   Code   RO          540    .ARM.Collect$$$$00000008  mc_w.l(entry7b.o)
    0x00000058   0x00000058   0x00000000   Code   RO          542    .ARM.Collect$$$$0000000A  mc_w.l(entry8b.o)
    0x00000058   0x00000058   0x00000008   Code   RO          543    .ARM.Collect$$$$0000000B  mc_w.l(entry9a.o)
    0x00000060   0x00000060   0x00000004   Code   RO          550    .ARM.Collect$$$$0000000E  mc_w.l(entry12b.o)
    0x00000064   0x00000064   0x00000000   Code   RO          545    .ARM.Collect$$$$0000000F  mc_w.l(entry10a.o)
    0x00000064   0x00000064   0x00000000   Code   RO          547    .ARM.Collect$$$$00000011  mc_w.l(entry11a.o)
    0x00000064   0x00000064   0x00000004   Code   RO          536    .ARM.Collect$$$$00002712  mc_w.l(entry2.o)
    0x00000068   0x00000068   0x00000078   Code   RO          441  * .text               startup_cm3ds.o
    0x000000e0   0x000000e0   0x0000000e   Code   RO          533    .text               mc_w.l(strlen.o)
    0x000000ee   0x000000ee   0x00000002   PAD
    0x000000f0   0x000000f0   0x00000024   Code   RO          551    .text               mc_w.l(init.o)
    0x00000114   0x00000114   0x00000002   Code   RO          245    i.BusFaultHandler   handler.o
    0x00000116   0x00000116   0x00000002   Code   RO          246    i.DebugMonHandler   handler.o
    0x00000118   0x00000118   0x0000002c   Code   RO            3    i.GPIO_Init         cortexm3_driver.o
    0x00000144   0x00000144   0x00000008   Code   RO            8    i.GPIO_ResetBits    cortexm3_driver.o
    0x0000014c   0x0000014c   0x00000008   Code   RO            9    i.GPIO_SetBits      cortexm3_driver.o
    0x00000154   0x00000154   0x00000002   Code   RO          247    i.HardFaultHandler  handler.o
    0x00000156   0x00000156   0x0000000a   Code   RO          248    i.KEYHandler        handler.o
    0x00000160   0x00000160   0x00000076   Code   RO          480    i.Master_SPI_WR_Byte  spi_gpio.o
    0x000001d6   0x000001d6   0x00000036   Code   RO          481    i.Master_SPI_WR_String  spi_gpio.o
    0x0000020c   0x0000020c   0x00000002   Code   RO          249    i.MemManageHandler  handler.o
    0x0000020e   0x0000020e   0x00000002   Code   RO          250    i.NMIHandler        handler.o
    0x00000210   0x00000210   0x00000002   Code   RO          251    i.PendSVHandler     handler.o
    0x00000212   0x00000212   0x00000044   Code   RO          482    i.SPI_GPIO_Init     spi_gpio.o
    0x00000256   0x00000256   0x00000002   Code   RO          252    i.SVCHandler        handler.o
    0x00000258   0x00000258   0x00000008   Code   RO           13    i.Set_SysTick_CTRL  cortexm3_driver.o
    0x00000260   0x00000260   0x00000008   Code   RO           14    i.Set_SysTick_LOAD  cortexm3_driver.o
    0x00000268   0x00000268   0x00000008   Code   RO           15    i.Set_SysTick_VALUE  cortexm3_driver.o
    0x00000270   0x00000270   0x0000001c   Code   RO          253    i.SysTickHandler    handler.o
    0x0000028c   0x0000028c   0x00000010   Code   RO          339    i.SysTick_Handler   main.o
    0x0000029c   0x0000029c   0x00000048   Code   RO          448    i.SystemInit        system.o
    0x000002e4   0x000002e4   0x00000002   Code   RO          254    i.UARTOVRHandler    handler.o
    0x000002e6   0x000002e6   0x00000002   PAD
    0x000002e8   0x000002e8   0x00000030   Code   RO          255    i.UARTRXHandler     handler.o
    0x00000318   0x00000318   0x00000002   Code   RO          256    i.UARTTXHandler     handler.o
    0x0000031a   0x0000031a   0x00000002   Code   RO          257    i.UsageFaultHandler  handler.o
    0x0000031c   0x0000031c   0x0000000e   Code   RO          555    i.__scatterload_copy  mc_w.l(handlers.o)
    0x0000032a   0x0000032a   0x00000002   Code   RO          556    i.__scatterload_null  mc_w.l(handlers.o)
    0x0000032c   0x0000032c   0x0000000e   Code   RO          557    i.__scatterload_zeroinit  mc_w.l(handlers.o)
    0x0000033a   0x0000033a   0x00000020   Code   RO           18    i.delay             cortexm3_driver.o
    0x0000035a   0x0000035a   0x00000018   Code   RO           19    i.delay_1ms         cortexm3_driver.o
    0x00000372   0x00000372   0x00000016   Code   RO           20    i.delay_us          cortexm3_driver.o
    0x00000388   0x00000388   0x00000028   Code   RO          340    i.main              main.o
    0x000003b0   0x000003b0   0x0000000c   Code   RO           22    i.send2LED          cortexm3_driver.o
    0x000003bc   0x000003bc   0x00000014   Code   RO           32    i.uart_ReceiveChar  cortexm3_driver.o
    0x000003d0   0x000003d0   0x00000014   Code   RO           33    i.uart_SendChar     cortexm3_driver.o
    0x000003e4   0x000003e4   0x00000022   Code   RO           34    i.uart_SendString   cortexm3_driver.o
    0x00000406   0x00000406   0x00000058   Code   RO           35    i.uart_init         cortexm3_driver.o
    0x0000045e   0x0000045e   0x00000002   PAD
    0x00000460   0x00000460   0x00000020   Data   RO          553    Region$$Table       anon$$obj.o


    Execution Region ER_RW (Exec base: 0x20000000, Load base: 0x00000480, Size: 0x00000008, Max: 0xffffffff, ABSOLUTE)

    Exec Addr    Load Addr    Size         Type   Attr      Idx    E Section Name        Object

    0x20000000   0x00000480   0x00000004   Data   RW          342    .data               main.o
    0x20000004   0x00000484   0x00000004   Data   RW          449    .data               system.o


    Execution Region ER_ZI (Exec base: 0x20000008, Load base: 0x00000488, Size: 0x00008000, Max: 0xffffffff, ABSOLUTE)

    Exec Addr    Load Addr    Size         Type   Attr      Idx    E Section Name        Object

    0x20000008        -       0x00008000   Zero   RW          438    STACK               startup_cm3ds.o


==============================================================================

Image component sizes


      Code (inc. data)   RO Data    RW Data    ZI Data      Debug   Object Name

       336          6          0          0          0      15821   cortexm3_driver.o
       106         10          0          0          0       5079   handler.o
        56         12          0          4          0       1437   main.o
       240          0          0          0          0       5688   spi_gpio.o
       120          8         80          0      32768        916   startup_cm3ds.o
        72          8          0          4          0      24286   system.o

    ----------------------------------------------------------------------
       934         44        112          8      32768      53227   Object Totals
         0          0         32          0          0          0   (incl. Generated)
         4          0          0          0          0          0   (incl. Padding)

    ----------------------------------------------------------------------

      Code (inc. data)   RO Data    RW Data    ZI Data      Debug   Library Member Name

         0          0          0          0          0          0   entry.o
         0          0          0          0          0          0   entry10a.o
         0          0          0          0          0          0   entry11a.o
         4          0          0          0          0          0   entry12b.o
         8          4          0          0          0          0   entry2.o
         4          0          0          0          0          0   entry5.o
         0          0          0          0          0          0   entry7b.o
         0          0          0          0          0          0   entry8b.o
         8          4          0          0          0          0   entry9a.o
        30          0          0          0          0          0   handlers.o
        36          8          0          0          0         68   init.o
        14          0          0          0          0         68   strlen.o

    ----------------------------------------------------------------------
       106         16          0          0          0        136   Library Totals
         2          0          0          0          0          0   (incl. Padding)

    ----------------------------------------------------------------------

      Code (inc. data)   RO Data    RW Data    ZI Data      Debug   Library Name

       104         16          0          0          0        136   mc_w.l

    ----------------------------------------------------------------------
       106         16          0          0          0        136   Library Totals

    ----------------------------------------------------------------------

==============================================================================


      Code (inc. data)   RO Data    RW Data    ZI Data      Debug   

      1040         60        112          8      32768      52007   Grand Totals
      1040         60        112          8      32768      52007   ELF Image Totals
      1040         60        112          8          0          0   ROM Totals

==============================================================================

    Total RO  Size (Code + RO Data)                 1152 (   1.13kB)
    Total RW  Size (RW Data + ZI Data)             32776 (  32.01kB)
    Total ROM Size (Code + RO Data + RW Data)       1160 (   1.13kB)

==============================================================================

