Component: ARM Compiler 5.06 update 5 (build 528) Tool: armlink [4d35e2]

==============================================================================

Section Cross References

    cortexm3_driver.o(i.delay) refers to cortexm3_driver.o(i.Set_SysTick_CTRL) for Set_SysTick_CTRL
    cortexm3_driver.o(i.delay) refers to cortexm3_driver.o(i.Set_SysTick_LOAD) for Set_SysTick_LOAD
    cortexm3_driver.o(i.delay) refers to cortexm3_driver.o(i.Set_SysTick_VALUE) for Set_SysTick_VALUE
    cortexm3_driver.o(i.delay_1ms) refers to cortexm3_driver.o(i.delay) for delay
    cortexm3_driver.o(i.uart_SendString) refers to strlen.o(.text) for strlen
    cortexm3_driver.o(i.uart_SendString) refers to cortexm3_driver.o(i.uart_SendChar) for uart_SendChar
    handler.o(i.KEYHandler) refers to cortexm3_driver.o(i.send2LED) for send2LED
    handler.o(i.SysTickHandler) refers to cortexm3_driver.o(i.Set_SysTick_CTRL) for Set_SysTick_CTRL
    handler.o(i.UARTRXHandler) refers to cortexm3_driver.o(i.uart_ReceiveChar) for uart_ReceiveChar
    handler.o(i.UARTRXHandler) refers to cortexm3_driver.o(i.send2LED) for send2LED
    handler.o(i.UARTRXHandler) refers to cortexm3_driver.o(i.uart_SendString) for uart_SendString
    handler.o(i.UARTRXHandler) refers to cortexm3_driver.o(i.uart_SendChar) for uart_SendChar
    main.o(i.Delay) refers to main.o(.data) for SystemTicks
    main.o(i.SysTick_Handler) refers to main.o(.data) for SystemTicks
    main.o(i.main) refers to system.o(i.SystemInit) for SystemInit
    main.o(i.main) refers to cortexm3_driver.o(i.send2LED) for send2LED
    main.o(i.main) refers to cortexm3_driver.o(i.uart_SendString) for uart_SendString
    retarget.o(i._ttywrch) refers to cortexm3_driver.o(i.uart_SendChar) for uart_SendChar
    retarget.o(i.fgetc) refers to cortexm3_driver.o(i.uart_ReceiveChar) for uart_ReceiveChar
    retarget.o(i.fgetc) refers to cortexm3_driver.o(i.uart_SendChar) for uart_SendChar
    retarget.o(i.fputc) refers to cortexm3_driver.o(i.uart_SendChar) for uart_SendChar
    startup_cm3ds.o(RESET) refers to startup_cm3ds.o(STACK) for __initial_sp
    startup_cm3ds.o(RESET) refers to startup_cm3ds.o(.text) for Reset_Handler
    startup_cm3ds.o(RESET) refers to main.o(i.SysTick_Handler) for SysTick_Handler
    startup_cm3ds.o(.text) refers to handler.o(i.NMIHandler) for NMIHandler
    startup_cm3ds.o(.text) refers to handler.o(i.HardFaultHandler) for HardFaultHandler
    startup_cm3ds.o(.text) refers to handler.o(i.MemManageHandler) for MemManageHandler
    startup_cm3ds.o(.text) refers to handler.o(i.BusFaultHandler) for BusFaultHandler
    startup_cm3ds.o(.text) refers to handler.o(i.UsageFaultHandler) for UsageFaultHandler
    startup_cm3ds.o(.text) refers to handler.o(i.SVCHandler) for SVCHandler
    startup_cm3ds.o(.text) refers to handler.o(i.DebugMonHandler) for DebugMonHandler
    startup_cm3ds.o(.text) refers to handler.o(i.PendSVHandler) for PendSVHandler
    startup_cm3ds.o(.text) refers to handler.o(i.SysTickHandler) for SysTickHandler
    startup_cm3ds.o(.text) refers to handler.o(i.UARTRXHandler) for UARTRXHandler
    startup_cm3ds.o(.text) refers to handler.o(i.UARTTXHandler) for UARTTXHandler
    startup_cm3ds.o(.text) refers to handler.o(i.UARTOVRHandler) for UARTOVRHandler
    startup_cm3ds.o(.text) refers to handler.o(i.KEYHandler) for KEYHandler
    startup_cm3ds.o(.text) refers to system.o(i.SystemInit) for SystemInit
    startup_cm3ds.o(.text) refers to entry.o(.ARM.Collect$$$$00000000) for __main
    system.o(i.SystemCoreClockUpdate) refers to system.o(.data) for SystemCoreClock
    system.o(i.SystemInit) refers to cortexm3_driver.o(i.uart_init) for uart_init
    system.o(i.SystemInit) refers to system.o(.data) for SystemCoreClock
    entry.o(.ARM.Collect$$$$00000000) refers (Special) to entry10a.o(.ARM.Collect$$$$0000000D) for __rt_final_cpp
    entry.o(.ARM.Collect$$$$00000000) refers (Special) to entry11a.o(.ARM.Collect$$$$0000000F) for __rt_final_exit
    entry.o(.ARM.Collect$$$$00000000) refers (Special) to entry7b.o(.ARM.Collect$$$$00000008) for _main_clock
    entry.o(.ARM.Collect$$$$00000000) refers (Special) to entry8b.o(.ARM.Collect$$$$0000000A) for _main_cpp_init
    entry.o(.ARM.Collect$$$$00000000) refers (Special) to entry9a.o(.ARM.Collect$$$$0000000B) for _main_init
    entry.o(.ARM.Collect$$$$00000000) refers (Special) to entry5.o(.ARM.Collect$$$$00000004) for _main_scatterload
    entry.o(.ARM.Collect$$$$00000000) refers (Special) to entry2.o(.ARM.Collect$$$$00000001) for _main_stk
    entry2.o(.ARM.Collect$$$$00000001) refers to entry2.o(.ARM.Collect$$$$00002712) for __lit__00000000
    entry2.o(.ARM.Collect$$$$00002712) refers to startup_cm3ds.o(STACK) for __initial_sp
    entry2.o(__vectab_stack_and_reset_area) refers to startup_cm3ds.o(STACK) for __initial_sp
    entry2.o(__vectab_stack_and_reset_area) refers to entry.o(.ARM.Collect$$$$00000000) for __main
    entry5.o(.ARM.Collect$$$$00000004) refers to init.o(.text) for __scatterload
    entry9a.o(.ARM.Collect$$$$0000000B) refers to main.o(i.main) for main
    entry9b.o(.ARM.Collect$$$$0000000C) refers to main.o(i.main) for main
    init.o(.text) refers to entry5.o(.ARM.Collect$$$$00000004) for __main_after_scatterload


==============================================================================

Removing Unused input sections from the image.

    Removing cortexm3_driver.o(.rev16_text), (4 bytes).
    Removing cortexm3_driver.o(.revsh_text), (4 bytes).
    Removing cortexm3_driver.o(i.Read_SysTick_VALUE), (8 bytes).
    Removing cortexm3_driver.o(i.Set_SysTick_LOAD), (8 bytes).
    Removing cortexm3_driver.o(i.Set_SysTick_VALUE), (8 bytes).
    Removing cortexm3_driver.o(i.Timer_Ini), (42 bytes).
    Removing cortexm3_driver.o(i.Timer_Stop), (28 bytes).
    Removing cortexm3_driver.o(i.delay), (32 bytes).
    Removing cortexm3_driver.o(i.delay_1ms), (12 bytes).
    Removing cortexm3_driver.o(i.uart_ClearOverrunStatus), (14 bytes).
    Removing cortexm3_driver.o(i.uart_ClearRxIRQ), (6 bytes).
    Removing cortexm3_driver.o(i.uart_ClearTxIRQ), (6 bytes).
    Removing cortexm3_driver.o(i.uart_GetBaudDivider), (6 bytes).
    Removing cortexm3_driver.o(i.uart_GetOverrunStatus), (10 bytes).
    Removing cortexm3_driver.o(i.uart_GetRxBufferFull), (10 bytes).
    Removing cortexm3_driver.o(i.uart_GetRxIRQStatus), (10 bytes).
    Removing cortexm3_driver.o(i.uart_GetTxBufferFull), (10 bytes).
    Removing cortexm3_driver.o(i.uart_GetTxIRQStatus), (10 bytes).
    Removing handler.o(.rev16_text), (4 bytes).
    Removing handler.o(.revsh_text), (4 bytes).
    Removing main.o(.rev16_text), (4 bytes).
    Removing main.o(.revsh_text), (4 bytes).
    Removing main.o(i.Delay), (24 bytes).
    Removing retarget.o(.rev16_text), (4 bytes).
    Removing retarget.o(.revsh_text), (4 bytes).
    Removing retarget.o(i._sys_exit), (4 bytes).
    Removing retarget.o(i._ttywrch), (16 bytes).
    Removing retarget.o(i.ferror), (8 bytes).
    Removing retarget.o(i.fgetc), (34 bytes).
    Removing retarget.o(i.fputc), (32 bytes).
    Removing retarget.o(.data), (8 bytes).
    Removing startup_cm3ds.o(HEAP), (32768 bytes).
    Removing system.o(.rev16_text), (4 bytes).
    Removing system.o(.revsh_text), (4 bytes).
    Removing system.o(i.SystemCoreClockUpdate), (16 bytes).

35 unused section(s) (total 33170 bytes) removed from the image.

==============================================================================

Image Symbol Table

    Local Symbols

    Symbol Name                              Value     Ov Type        Size  Object(Section)

    RESET                                    0x00000000   Section       80  startup_cm3ds.o(RESET)
    ../clib/microlib/init/entry.s            0x00000000   Number         0  entry11b.o ABSOLUTE
    ../clib/microlib/init/entry.s            0x00000000   Number         0  entry10b.o ABSOLUTE
    ../clib/microlib/init/entry.s            0x00000000   Number         0  entry10a.o ABSOLUTE
    ../clib/microlib/init/entry.s            0x00000000   Number         0  entry9b.o ABSOLUTE
    ../clib/microlib/init/entry.s            0x00000000   Number         0  entry9a.o ABSOLUTE
    ../clib/microlib/init/entry.s            0x00000000   Number         0  entry8b.o ABSOLUTE
    ../clib/microlib/init/entry.s            0x00000000   Number         0  entry11a.o ABSOLUTE
    ../clib/microlib/init/entry.s            0x00000000   Number         0  entry8a.o ABSOLUTE
    ../clib/microlib/init/entry.s            0x00000000   Number         0  entry7b.o ABSOLUTE
    ../clib/microlib/init/entry.s            0x00000000   Number         0  entry2.o ABSOLUTE
    ../clib/microlib/init/entry.s            0x00000000   Number         0  entry7a.o ABSOLUTE
    ../clib/microlib/init/entry.s            0x00000000   Number         0  entry5.o ABSOLUTE
    ../clib/microlib/init/entry.s            0x00000000   Number         0  entry.o ABSOLUTE
    ../clib/microlib/string/strlen.c         0x00000000   Number         0  strlen.o ABSOLUTE
    code\CortexM3_driver.c                   0x00000000   Number         0  cortexm3_driver.o ABSOLUTE
    code\Retarget.c                          0x00000000   Number         0  retarget.o ABSOLUTE
    code\\CortexM3_driver.c                  0x00000000   Number         0  cortexm3_driver.o ABSOLUTE
    code\\Retarget.c                         0x00000000   Number         0  retarget.o ABSOLUTE
    code\\handler.c                          0x00000000   Number         0  handler.o ABSOLUTE
    code\\main.c                             0x00000000   Number         0  main.o ABSOLUTE
    code\\system.c                           0x00000000   Number         0  system.o ABSOLUTE
    code\handler.c                           0x00000000   Number         0  handler.o ABSOLUTE
    code\main.c                              0x00000000   Number         0  main.o ABSOLUTE
    code\startup_CM3DS.s                     0x00000000   Number         0  startup_cm3ds.o ABSOLUTE
    code\system.c                            0x00000000   Number         0  system.o ABSOLUTE
    dc.s                                     0x00000000   Number         0  dc.o ABSOLUTE
    handlers.s                               0x00000000   Number         0  handlers.o ABSOLUTE
    init.s                                   0x00000000   Number         0  init.o ABSOLUTE
    .ARM.Collect$$$$00000000                 0x00000050   Section        0  entry.o(.ARM.Collect$$$$00000000)
    .ARM.Collect$$$$00000001                 0x00000050   Section        4  entry2.o(.ARM.Collect$$$$00000001)
    .ARM.Collect$$$$00000004                 0x00000054   Section        4  entry5.o(.ARM.Collect$$$$00000004)
    .ARM.Collect$$$$00000008                 0x00000058   Section        0  entry7b.o(.ARM.Collect$$$$00000008)
    .ARM.Collect$$$$0000000A                 0x00000058   Section        0  entry8b.o(.ARM.Collect$$$$0000000A)
    .ARM.Collect$$$$0000000B                 0x00000058   Section        8  entry9a.o(.ARM.Collect$$$$0000000B)
    .ARM.Collect$$$$0000000D                 0x00000060   Section        0  entry10a.o(.ARM.Collect$$$$0000000D)
    .ARM.Collect$$$$0000000F                 0x00000060   Section        0  entry11a.o(.ARM.Collect$$$$0000000F)
    .ARM.Collect$$$$00002712                 0x00000060   Section        4  entry2.o(.ARM.Collect$$$$00002712)
    __lit__00000000                          0x00000060   Data           4  entry2.o(.ARM.Collect$$$$00002712)
    .text                                    0x00000064   Section      120  startup_cm3ds.o(.text)
    .text                                    0x000000dc   Section        0  strlen.o(.text)
    .text                                    0x000000ec   Section       36  init.o(.text)
    i.BusFaultHandler                        0x00000110   Section        0  handler.o(i.BusFaultHandler)
    i.DebugMonHandler                        0x00000112   Section        0  handler.o(i.DebugMonHandler)
    i.HardFaultHandler                       0x00000114   Section        0  handler.o(i.HardFaultHandler)
    i.KEYHandler                             0x00000116   Section        0  handler.o(i.KEYHandler)
    i.MemManageHandler                       0x00000120   Section        0  handler.o(i.MemManageHandler)
    i.NMIHandler                             0x00000122   Section        0  handler.o(i.NMIHandler)
    i.PendSVHandler                          0x00000124   Section        0  handler.o(i.PendSVHandler)
    i.SVCHandler                             0x00000126   Section        0  handler.o(i.SVCHandler)
    i.Set_SysTick_CTRL                       0x00000128   Section        0  cortexm3_driver.o(i.Set_SysTick_CTRL)
    i.SysTickHandler                         0x00000130   Section        0  handler.o(i.SysTickHandler)
    i.SysTick_Handler                        0x0000014c   Section        0  main.o(i.SysTick_Handler)
    i.SystemInit                             0x0000015c   Section        0  system.o(i.SystemInit)
    i.UARTOVRHandler                         0x000001a4   Section        0  handler.o(i.UARTOVRHandler)
    i.UARTRXHandler                          0x000001a8   Section        0  handler.o(i.UARTRXHandler)
    i.UARTTXHandler                          0x000001d8   Section        0  handler.o(i.UARTTXHandler)
    i.UsageFaultHandler                      0x000001da   Section        0  handler.o(i.UsageFaultHandler)
    i.__scatterload_copy                     0x000001dc   Section       14  handlers.o(i.__scatterload_copy)
    i.__scatterload_null                     0x000001ea   Section        2  handlers.o(i.__scatterload_null)
    i.__scatterload_zeroinit                 0x000001ec   Section       14  handlers.o(i.__scatterload_zeroinit)
    i.main                                   0x000001fc   Section        0  main.o(i.main)
    i.send2LED                               0x0000021c   Section        0  cortexm3_driver.o(i.send2LED)
    i.uart_ReceiveChar                       0x00000228   Section        0  cortexm3_driver.o(i.uart_ReceiveChar)
    i.uart_SendChar                          0x0000023c   Section        0  cortexm3_driver.o(i.uart_SendChar)
    i.uart_SendString                        0x00000250   Section        0  cortexm3_driver.o(i.uart_SendString)
    i.uart_init                              0x00000272   Section        0  cortexm3_driver.o(i.uart_init)
    .data                                    0x20000000   Section        4  main.o(.data)
    .data                                    0x20000004   Section        4  system.o(.data)
    STACK                                    0x20000008   Section    32768  startup_cm3ds.o(STACK)

    Global Symbols

    Symbol Name                              Value     Ov Type        Size  Object(Section)

    BuildAttributes$$THM_ISAv4$P$D$K$B$S$PE$A:L22UL41UL21$X:L11$S22US41US21$IEEE1$IW$USESV6$~STKCKD$USESV7$~SHL$OSPACE$EBA8$MICROLIB$REQ8$PRES8$EABIv2 0x00000000   Number         0  anon$$obj.o ABSOLUTE
    __ARM_use_no_argv                        0x00000000   Number         0  main.o ABSOLUTE
    __Vectors                                0x00000000   Data           4  startup_cm3ds.o(RESET)
    __cpp_initialize__aeabi_                  - Undefined Weak Reference
    __cxa_finalize                            - Undefined Weak Reference
    __decompress                              - Undefined Weak Reference
    _clock_init                               - Undefined Weak Reference
    _microlib_exit                            - Undefined Weak Reference
    __Vectors_End                            0x00000050   Data           0  startup_cm3ds.o(RESET)
    __Vectors_Size                           0x00000050   Number         0  startup_cm3ds.o ABSOLUTE
    __main                                   0x00000051   Thumb Code     0  entry.o(.ARM.Collect$$$$00000000)
    _main_stk                                0x00000051   Thumb Code     0  entry2.o(.ARM.Collect$$$$00000001)
    _main_scatterload                        0x00000055   Thumb Code     0  entry5.o(.ARM.Collect$$$$00000004)
    __main_after_scatterload                 0x00000059   Thumb Code     0  entry5.o(.ARM.Collect$$$$00000004)
    _main_clock                              0x00000059   Thumb Code     0  entry7b.o(.ARM.Collect$$$$00000008)
    _main_cpp_init                           0x00000059   Thumb Code     0  entry8b.o(.ARM.Collect$$$$0000000A)
    _main_init                               0x00000059   Thumb Code     0  entry9a.o(.ARM.Collect$$$$0000000B)
    __rt_final_cpp                           0x00000061   Thumb Code     0  entry10a.o(.ARM.Collect$$$$0000000D)
    __rt_final_exit                          0x00000061   Thumb Code     0  entry11a.o(.ARM.Collect$$$$0000000F)
    Reset_Handler                            0x00000065   Thumb Code     8  startup_cm3ds.o(.text)
    NMI_Handler                              0x0000006d   Thumb Code     8  startup_cm3ds.o(.text)
    HardFault_Handler                        0x00000075   Thumb Code     8  startup_cm3ds.o(.text)
    MemManage_Handler                        0x0000007d   Thumb Code     8  startup_cm3ds.o(.text)
    BusFault_Handler                         0x00000085   Thumb Code     8  startup_cm3ds.o(.text)
    UsageFault_Handler                       0x0000008d   Thumb Code     8  startup_cm3ds.o(.text)
    SVC_Handler                              0x00000095   Thumb Code     8  startup_cm3ds.o(.text)
    DebugMon_Handler                         0x0000009d   Thumb Code     8  startup_cm3ds.o(.text)
    PendSV_Handler                           0x000000a5   Thumb Code     8  startup_cm3ds.o(.text)
    UARTRX_Handler                           0x000000b5   Thumb Code     8  startup_cm3ds.o(.text)
    UARTTX_Handler                           0x000000bd   Thumb Code     8  startup_cm3ds.o(.text)
    UARTOVR_Handler                          0x000000c5   Thumb Code     8  startup_cm3ds.o(.text)
    KEY_Handler                              0x000000cd   Thumb Code     8  startup_cm3ds.o(.text)
    strlen                                   0x000000dd   Thumb Code    14  strlen.o(.text)
    __scatterload                            0x000000ed   Thumb Code    28  init.o(.text)
    __scatterload_rt2                        0x000000ed   Thumb Code     0  init.o(.text)
    BusFaultHandler                          0x00000111   Thumb Code     2  handler.o(i.BusFaultHandler)
    DebugMonHandler                          0x00000113   Thumb Code     2  handler.o(i.DebugMonHandler)
    HardFaultHandler                         0x00000115   Thumb Code     2  handler.o(i.HardFaultHandler)
    KEYHandler                               0x00000117   Thumb Code    10  handler.o(i.KEYHandler)
    MemManageHandler                         0x00000121   Thumb Code     2  handler.o(i.MemManageHandler)
    NMIHandler                               0x00000123   Thumb Code     2  handler.o(i.NMIHandler)
    PendSVHandler                            0x00000125   Thumb Code     2  handler.o(i.PendSVHandler)
    SVCHandler                               0x00000127   Thumb Code     2  handler.o(i.SVCHandler)
    Set_SysTick_CTRL                         0x00000129   Thumb Code     8  cortexm3_driver.o(i.Set_SysTick_CTRL)
    SysTickHandler                           0x00000131   Thumb Code    22  handler.o(i.SysTickHandler)
    SysTick_Handler                          0x0000014d   Thumb Code    12  main.o(i.SysTick_Handler)
    SystemInit                               0x0000015d   Thumb Code    64  system.o(i.SystemInit)
    UARTOVRHandler                           0x000001a5   Thumb Code     2  handler.o(i.UARTOVRHandler)
    UARTRXHandler                            0x000001a9   Thumb Code    44  handler.o(i.UARTRXHandler)
    UARTTXHandler                            0x000001d9   Thumb Code     2  handler.o(i.UARTTXHandler)
    UsageFaultHandler                        0x000001db   Thumb Code     2  handler.o(i.UsageFaultHandler)
    __scatterload_copy                       0x000001dd   Thumb Code    14  handlers.o(i.__scatterload_copy)
    __scatterload_null                       0x000001eb   Thumb Code     2  handlers.o(i.__scatterload_null)
    __scatterload_zeroinit                   0x000001ed   Thumb Code    14  handlers.o(i.__scatterload_zeroinit)
    main                                     0x000001fd   Thumb Code    22  main.o(i.main)
    send2LED                                 0x0000021d   Thumb Code     6  cortexm3_driver.o(i.send2LED)
    uart_ReceiveChar                         0x00000229   Thumb Code    20  cortexm3_driver.o(i.uart_ReceiveChar)
    uart_SendChar                            0x0000023d   Thumb Code    20  cortexm3_driver.o(i.uart_SendChar)
    uart_SendString                          0x00000251   Thumb Code    34  cortexm3_driver.o(i.uart_SendString)
    uart_init                                0x00000273   Thumb Code    88  cortexm3_driver.o(i.uart_init)
    Region$$Table$$Base                      0x000002cc   Number         0  anon$$obj.o(Region$$Table)
    Region$$Table$$Limit                     0x000002ec   Number         0  anon$$obj.o(Region$$Table)
    SystemTicks                              0x20000000   Data           4  main.o(.data)
    SystemCoreClock                          0x20000004   Data           4  system.o(.data)
    __initial_sp                             0x20008008   Data           0  startup_cm3ds.o(STACK)



==============================================================================

Memory Map of the image

  Image Entry point : 0x00000065

  Load Region LR_1 (Base: 0x00000000, Size: 0x000002f4, Max: 0xffffffff, ABSOLUTE)

    Execution Region ER_RO (Exec base: 0x00000000, Load base: 0x00000000, Size: 0x000002ec, Max: 0xffffffff, ABSOLUTE)

    Exec Addr    Load Addr    Size         Type   Attr      Idx    E Section Name        Object

    0x00000000   0x00000000   0x00000050   Data   RO          359    RESET               startup_cm3ds.o
    0x00000050   0x00000050   0x00000000   Code   RO          397  * .ARM.Collect$$$$00000000  mc_w.l(entry.o)
    0x00000050   0x00000050   0x00000004   Code   RO          402    .ARM.Collect$$$$00000001  mc_w.l(entry2.o)
    0x00000054   0x00000054   0x00000004   Code   RO          405    .ARM.Collect$$$$00000004  mc_w.l(entry5.o)
    0x00000058   0x00000058   0x00000000   Code   RO          407    .ARM.Collect$$$$00000008  mc_w.l(entry7b.o)
    0x00000058   0x00000058   0x00000000   Code   RO          409    .ARM.Collect$$$$0000000A  mc_w.l(entry8b.o)
    0x00000058   0x00000058   0x00000008   Code   RO          410    .ARM.Collect$$$$0000000B  mc_w.l(entry9a.o)
    0x00000060   0x00000060   0x00000000   Code   RO          412    .ARM.Collect$$$$0000000D  mc_w.l(entry10a.o)
    0x00000060   0x00000060   0x00000000   Code   RO          414    .ARM.Collect$$$$0000000F  mc_w.l(entry11a.o)
    0x00000060   0x00000060   0x00000004   Code   RO          403    .ARM.Collect$$$$00002712  mc_w.l(entry2.o)
    0x00000064   0x00000064   0x00000078   Code   RO          360  * .text               startup_cm3ds.o
    0x000000dc   0x000000dc   0x0000000e   Code   RO          400    .text               mc_w.l(strlen.o)
    0x000000ea   0x000000ea   0x00000002   PAD
    0x000000ec   0x000000ec   0x00000024   Code   RO          416    .text               mc_w.l(init.o)
    0x00000110   0x00000110   0x00000002   Code   RO          179    i.BusFaultHandler   handler.o
    0x00000112   0x00000112   0x00000002   Code   RO          180    i.DebugMonHandler   handler.o
    0x00000114   0x00000114   0x00000002   Code   RO          181    i.HardFaultHandler  handler.o
    0x00000116   0x00000116   0x0000000a   Code   RO          182    i.KEYHandler        handler.o
    0x00000120   0x00000120   0x00000002   Code   RO          183    i.MemManageHandler  handler.o
    0x00000122   0x00000122   0x00000002   Code   RO          184    i.NMIHandler        handler.o
    0x00000124   0x00000124   0x00000002   Code   RO          185    i.PendSVHandler     handler.o
    0x00000126   0x00000126   0x00000002   Code   RO          186    i.SVCHandler        handler.o
    0x00000128   0x00000128   0x00000008   Code   RO            4    i.Set_SysTick_CTRL  cortexm3_driver.o
    0x00000130   0x00000130   0x0000001c   Code   RO          187    i.SysTickHandler    handler.o
    0x0000014c   0x0000014c   0x00000010   Code   RO          272    i.SysTick_Handler   main.o
    0x0000015c   0x0000015c   0x00000048   Code   RO          367    i.SystemInit        system.o
    0x000001a4   0x000001a4   0x00000002   Code   RO          188    i.UARTOVRHandler    handler.o
    0x000001a6   0x000001a6   0x00000002   PAD
    0x000001a8   0x000001a8   0x00000030   Code   RO          189    i.UARTRXHandler     handler.o
    0x000001d8   0x000001d8   0x00000002   Code   RO          190    i.UARTTXHandler     handler.o
    0x000001da   0x000001da   0x00000002   Code   RO          191    i.UsageFaultHandler  handler.o
    0x000001dc   0x000001dc   0x0000000e   Code   RO          420    i.__scatterload_copy  mc_w.l(handlers.o)
    0x000001ea   0x000001ea   0x00000002   Code   RO          421    i.__scatterload_null  mc_w.l(handlers.o)
    0x000001ec   0x000001ec   0x0000000e   Code   RO          422    i.__scatterload_zeroinit  mc_w.l(handlers.o)
    0x000001fa   0x000001fa   0x00000002   PAD
    0x000001fc   0x000001fc   0x00000020   Code   RO          273    i.main              main.o
    0x0000021c   0x0000021c   0x0000000c   Code   RO           11    i.send2LED          cortexm3_driver.o
    0x00000228   0x00000228   0x00000014   Code   RO           21    i.uart_ReceiveChar  cortexm3_driver.o
    0x0000023c   0x0000023c   0x00000014   Code   RO           22    i.uart_SendChar     cortexm3_driver.o
    0x00000250   0x00000250   0x00000022   Code   RO           23    i.uart_SendString   cortexm3_driver.o
    0x00000272   0x00000272   0x00000058   Code   RO           24    i.uart_init         cortexm3_driver.o
    0x000002ca   0x000002ca   0x00000002   PAD
    0x000002cc   0x000002cc   0x00000020   Data   RO          418    Region$$Table       anon$$obj.o


    Execution Region ER_RW (Exec base: 0x20000000, Load base: 0x000002ec, Size: 0x00000008, Max: 0xffffffff, ABSOLUTE)

    Exec Addr    Load Addr    Size         Type   Attr      Idx    E Section Name        Object

    0x20000000   0x000002ec   0x00000004   Data   RW          274    .data               main.o
    0x20000004   0x000002f0   0x00000004   Data   RW          368    .data               system.o


    Execution Region ER_ZI (Exec base: 0x20000008, Load base: 0x000002f4, Size: 0x00008000, Max: 0xffffffff, ABSOLUTE)

    Exec Addr    Load Addr    Size         Type   Attr      Idx    E Section Name        Object

    0x20000008        -       0x00008000   Zero   RW          357    STACK               startup_cm3ds.o


==============================================================================

Image component sizes


      Code (inc. data)   RO Data    RW Data    ZI Data      Debug   Object Name

       182          6          0          0          0      10871   cortexm3_driver.o
       106         10          0          0          0       5371   handler.o
        48         14          0          4          0       1461   main.o
       120          8         80          0      32768        940   startup_cm3ds.o
        72          8          0          4          0      24350   system.o

    ----------------------------------------------------------------------
       532         46        112          8      32768      42993   Object Totals
         0          0         32          0          0          0   (incl. Generated)
         4          0          0          0          0          0   (incl. Padding)

    ----------------------------------------------------------------------

      Code (inc. data)   RO Data    RW Data    ZI Data      Debug   Library Member Name

         0          0          0          0          0          0   entry.o
         0          0          0          0          0          0   entry10a.o
         0          0          0          0          0          0   entry11a.o
         8          4          0          0          0          0   entry2.o
         4          0          0          0          0          0   entry5.o
         0          0          0          0          0          0   entry7b.o
         0          0          0          0          0          0   entry8b.o
         8          4          0          0          0          0   entry9a.o
        30          0          0          0          0          0   handlers.o
        36          8          0          0          0         68   init.o
        14          0          0          0          0         68   strlen.o

    ----------------------------------------------------------------------
       104         16          0          0          0        136   Library Totals
         4          0          0          0          0          0   (incl. Padding)

    ----------------------------------------------------------------------

      Code (inc. data)   RO Data    RW Data    ZI Data      Debug   Library Name

       100         16          0          0          0        136   mc_w.l

    ----------------------------------------------------------------------
       104         16          0          0          0        136   Library Totals

    ----------------------------------------------------------------------

==============================================================================


      Code (inc. data)   RO Data    RW Data    ZI Data      Debug   

       636         62        112          8      32768      42345   Grand Totals
       636         62        112          8      32768      42345   ELF Image Totals
       636         62        112          8          0          0   ROM Totals

==============================================================================

    Total RO  Size (Code + RO Data)                  748 (   0.73kB)
    Total RW  Size (RW Data + ZI Data)             32776 (  32.01kB)
    Total ROM Size (Code + RO Data + RW Data)        756 (   0.74kB)

==============================================================================

