<html>
<body>
<pre>
<h1>µVision Build Log</h1>
<h2>Tool Versions:</h2>
IDE-Version: ¦ÌVision V5.24.2.0
Copyright (C) 2017 ARM Ltd and ARM Germany GmbH. All rights reserved.
License Information: Q lu, WHUT, LIC=----
 
Tool Versions:
Toolchain:       MDK-Lite  Version: 5.24.1
Toolchain Path:  D:\APP\KEIL\ARM\ARMCC\Bin
C Compiler:      Armcc.exe V5.06 update 5 (build 528)
Assembler:       Armasm.exe V5.06 update 5 (build 528)
Linker/Locator:  ArmLink.exe V5.06 update 5 (build 528)
Library Manager: ArmAr.exe V5.06 update 5 (build 528)
Hex Converter:   FromElf.exe V5.06 update 5 (build 528)
CPU DLL:         SARMCM3.DLL V5.24.1
Dialog DLL:      DCM.DLL V1.16.0.0
Target DLL:      UL2CM3.DLL V1.160.3.0
Dialog DLL:      TCM.DLL V1.32.0.0
 
<h2>Project:</h2>
D:\WHUT\FPGA\EXERCISE\PYNQ-Z2\ARM_SOC\CortexM3_Eval\software\cm3.uvprojx
Project File Date:  01/11/2023

<h2>Output:</h2>
*** Using Compiler 'V5.06 update 5 (build 528)', folder: 'D:\APP\KEIL\ARM\ARMCC\Bin'
Rebuild target 'Target 1'
assembling startup_CM3DS.s...
compiling CortexM3_driver.c...
compiling main.c...
compiling handler.c...
compiling system.c...
compiling Retarget.c...
linking...
Program Size: Code=1212 RO-data=112 RW-data=16 ZI-data=65632  
After Build - User command #1: fromelf -cvf .\cm3.axf --vhx --32x1 -o image.hex
".\cm3.axf": Error: Q0122E: Could not open file '.\cm3.axf': No such file or directory
Finished: 0 information, 0 warning and 1 error messages.
After Build - User command #2: fromelf -cvf .\cm3.axf -o image.txt
".\cm3.axf": Error: Q0122E: Could not open file '.\cm3.axf': No such file or directory
Finished: 0 information, 0 warning and 1 error messages.
".\Objects\cm3.axf" - 0 Error(s), 0 Warning(s).

<h2>Software Packages used:</h2>

Package Vendor: Keil
                http://www.keil.com/pack/Keil.V2M-MPS2_CMx_BSP.1.8.0.pack
                Keil.V2M-MPS2_CMx_BSP.1.8.0
                ARM V2M-MPS2 Board Support PACK for Cortex-M System Design Kit Devices

<h2>Collection of Component include folders:</h2>
  .\RTE\_Target_1
  D:\APP\KEIL\ARM\PACK\Keil\V2M-MPS2_CMx_BSP\1.8.0\Device\CMSDK_CM3\Include

<h2>Collection of Component Files used:</h2>
Build Time Elapsed:  00:00:01
</pre>
</body>
</html>
